V3 3
FL F:/ise_proj/butter/fsm_butterfly.vhd 2024/03/05.15:25:06 P.20131013
EN work/fsm_led 1709645476 FL F:/ise_proj/butter/fsm_butterfly.vhd \
      PB ieee/NUMERIC_STD 1381692181 PB ieee/std_logic_1164 1381692176
AR work/fsm_led/behavior1 1709645477 \
      FL F:/ise_proj/butter/fsm_butterfly.vhd EN work/fsm_led 1709645476
